13:41:47.185-[LAPTOP-L9SH1VHI][sys]-- INFO 18264 --- [           main] com.tianji.remark.BitMapTest             : The following 1 profile is active: "dev"
13:41:49.467-[LAPTOP-L9SH1VHI][sys]-- INFO 18264 --- [           main] .s.d.r.c.RepositoryConfigurationDelegate : Multiple Spring Data modules found, entering strict repository configuration mode
13:41:49.473-[LAPTOP-L9SH1VHI][sys]-- INFO 18264 --- [           main] .s.d.r.c.RepositoryConfigurationDelegate : Bootstrapping Spring Data Redis repositories in DEFAULT mode.
13:41:49.513-[LAPTOP-L9SH1VHI][sys]-- INFO 18264 --- [           main] .s.d.r.c.RepositoryConfigurationDelegate : Finished Spring Data repository scanning in 14 ms. Found 0 Redis repository interfaces.
13:41:50.219-[LAPTOP-L9SH1VHI][sys]-- INFO 18264 --- [           main] o.s.cloud.context.scope.GenericScope     : BeanFactory id=8995592b-2d36-3a55-a959-19f817a56180
13:41:51.199-[LAPTOP-L9SH1VHI][sys]-- INFO 18264 --- [           main] trationDelegate$BeanPostProcessorChecker : Bean 'org.springframework.cloud.commons.config.CommonsConfigAutoConfiguration' of type [org.springframework.cloud.commons.config.CommonsConfigAutoConfiguration] is not eligible for getting processed by all BeanPostProcessors (for example: not eligible for auto-proxying)
13:41:51.202-[LAPTOP-L9SH1VHI][sys]-- INFO 18264 --- [           main] trationDelegate$BeanPostProcessorChecker : Bean 'org.springframework.cloud.client.loadbalancer.LoadBalancerDefaultMappingsProviderAutoConfiguration' of type [org.springframework.cloud.client.loadbalancer.LoadBalancerDefaultMappingsProviderAutoConfiguration] is not eligible for getting processed by all BeanPostProcessors (for example: not eligible for auto-proxying)
13:41:51.206-[LAPTOP-L9SH1VHI][sys]-- INFO 18264 --- [           main] trationDelegate$BeanPostProcessorChecker : Bean 'loadBalancerClientsDefaultsMappingsProvider' of type [org.springframework.cloud.client.loadbalancer.LoadBalancerDefaultMappingsProviderAutoConfiguration$$Lambda$858/0x000000080153b948] is not eligible for getting processed by all BeanPostProcessors (for example: not eligible for auto-proxying)
13:41:51.214-[LAPTOP-L9SH1VHI][sys]-- INFO 18264 --- [           main] trationDelegate$BeanPostProcessorChecker : Bean 'defaultsBindHandlerAdvisor' of type [org.springframework.cloud.commons.config.DefaultsBindHandlerAdvisor] is not eligible for getting processed by all BeanPostProcessors (for example: not eligible for auto-proxying)
13:41:51.272-[LAPTOP-L9SH1VHI][sys]-- INFO 18264 --- [           main] trationDelegate$BeanPostProcessorChecker : Bean 'spring.cloud.sentinel-com.alibaba.cloud.sentinel.SentinelProperties' of type [com.alibaba.cloud.sentinel.SentinelProperties] is not eligible for getting processed by all BeanPostProcessors (for example: not eligible for auto-proxying)
13:41:51.279-[LAPTOP-L9SH1VHI][sys]-- INFO 18264 --- [           main] trationDelegate$BeanPostProcessorChecker : Bean 'com.alibaba.cloud.sentinel.custom.SentinelAutoConfiguration' of type [com.alibaba.cloud.sentinel.custom.SentinelAutoConfiguration] is not eligible for getting processed by all BeanPostProcessors (for example: not eligible for auto-proxying)
13:41:52.821-[LAPTOP-L9SH1VHI][sys]-- INFO 18264 --- [           main] c.t.c.a.mybatis.MybatisConfig            : 没运行
13:41:54.264-[LAPTOP-L9SH1VHI][sys]-- INFO 18264 --- [           main] c.a.c.sentinel.SentinelWebMvcConfigurer  : [Sentinel Starter] register SentinelWebInterceptor with urlPatterns: [/**].
13:41:56.060-[LAPTOP-L9SH1VHI][sys]-- INFO 18264 --- [           main] o.s.c.openfeign.FeignClientFactoryBean   : For 'course-service' URL not provided. Will try picking an instance via load-balancing.
13:41:56.370-[LAPTOP-L9SH1VHI][sys]-- INFO 18264 --- [           main] o.s.c.openfeign.FeignClientFactoryBean   : For 'auth-service' URL not provided. Will try picking an instance via load-balancing.
13:41:58.503-[LAPTOP-L9SH1VHI][sys]-- INFO 18264 --- [           main] com.alibaba.nacos.client.naming          : initializer namespace from System Property :null
13:41:58.503-[LAPTOP-L9SH1VHI][sys]-- INFO 18264 --- [           main] com.alibaba.nacos.client.naming          : initializer namespace from System Environment :null
13:41:58.505-[LAPTOP-L9SH1VHI][sys]-- INFO 18264 --- [           main] com.alibaba.nacos.client.naming          : initializer namespace from System Property :null
13:41:58.925-[LAPTOP-L9SH1VHI][sys]-- INFO 18264 --- [           main] com.tianji.remark.BitMapTest             : Started BitMapTest in 16.606 seconds (JVM running for 19.459)
13:41:58.933-[LAPTOP-L9SH1VHI][sys]-- INFO 18264 --- [           main] c.a.n.client.config.impl.ClientWorker    : [fixed-192.168.150.101_8848] [subscribe] remark-service+DEFAULT_GROUP
13:41:58.936-[LAPTOP-L9SH1VHI][sys]-- INFO 18264 --- [           main] c.a.nacos.client.config.impl.CacheData   : [fixed-192.168.150.101_8848] [add-listener] ok, tenant=, dataId=remark-service, group=DEFAULT_GROUP, cnt=1
13:41:58.937-[LAPTOP-L9SH1VHI][sys]-- INFO 18264 --- [           main] c.a.c.n.refresh.NacosContextRefresher    : listening config: dataId=remark-service, group=DEFAULT_GROUP
13:41:58.937-[LAPTOP-L9SH1VHI][sys]-- INFO 18264 --- [           main] c.a.n.client.config.impl.ClientWorker    : [fixed-192.168.150.101_8848] [subscribe] remark-service.yaml+DEFAULT_GROUP
13:41:58.937-[LAPTOP-L9SH1VHI][sys]-- INFO 18264 --- [           main] c.a.nacos.client.config.impl.CacheData   : [fixed-192.168.150.101_8848] [add-listener] ok, tenant=, dataId=remark-service.yaml, group=DEFAULT_GROUP, cnt=1
13:41:58.937-[LAPTOP-L9SH1VHI][sys]-- INFO 18264 --- [           main] c.a.c.n.refresh.NacosContextRefresher    : listening config: dataId=remark-service.yaml, group=DEFAULT_GROUP
13:41:58.938-[LAPTOP-L9SH1VHI][sys]-- INFO 18264 --- [           main] c.a.n.client.config.impl.ClientWorker    : [fixed-192.168.150.101_8848] [subscribe] remark-service-dev.yaml+DEFAULT_GROUP
13:41:58.938-[LAPTOP-L9SH1VHI][sys]-- INFO 18264 --- [           main] c.a.nacos.client.config.impl.CacheData   : [fixed-192.168.150.101_8848] [add-listener] ok, tenant=, dataId=remark-service-dev.yaml, group=DEFAULT_GROUP, cnt=1
13:41:58.939-[LAPTOP-L9SH1VHI][sys]-- INFO 18264 --- [           main] c.a.c.n.refresh.NacosContextRefresher    : listening config: dataId=remark-service-dev.yaml, group=DEFAULT_GROUP
13:41:59.161-[LAPTOP-L9SH1VHI][sys]-- INFO 18264 --- [g.push.receiver] com.alibaba.nacos.client.naming          : received push data: {"type":"dom","data":"{\"name\":\"DEFAULT_GROUP@@remark-service\",\"clusters\":\"DEFAULT\",\"cacheMillis\":10000,\"hosts\":[],\"lastRefTime\":1728538919184,\"checksum\":\"\",\"allIPs\":false,\"reachProtectionThreshold\":false,\"valid\":true}","lastRefTime":1399144240046} from /192.168.150.101
13:41:59.886-[LAPTOP-L9SH1VHI][sys]--DEBUG 18264 --- [   scheduling-1] c.t.c.autoconfigure.mq.RabbitMqHelper    : 准备发送消息，exchange：like.record.topic， RoutingKey：QA.times.changed， message：[]
13:41:59.898-[LAPTOP-L9SH1VHI][sys]-- INFO 18264 --- [   scheduling-1] o.s.a.r.c.CachingConnectionFactory       : Attempting to connect to: [192.168.150.101:5672]
13:41:59.950-[LAPTOP-L9SH1VHI][sys]-- WARN 18264 --- [       Thread-1] c.a.n.common.http.HttpClientBeanHolder   : [HttpClientBeanHolder] Start destroying common HttpClient
13:41:59.950-[LAPTOP-L9SH1VHI][sys]-- WARN 18264 --- [      Thread-13] c.a.nacos.common.notify.NotifyCenter     : [NotifyCenter] Start destroying Publisher
13:41:59.950-[LAPTOP-L9SH1VHI][sys]-- WARN 18264 --- [      Thread-13] c.a.nacos.common.notify.NotifyCenter     : [NotifyCenter] Destruction of the end
13:41:59.950-[LAPTOP-L9SH1VHI][sys]-- WARN 18264 --- [       Thread-1] c.a.n.common.http.HttpClientBeanHolder   : [HttpClientBeanHolder] Destruction of the end
13:41:59.964-[LAPTOP-L9SH1VHI][sys]-- INFO 18264 --- [ionShutdownHook] com.alibaba.nacos.client.naming          : com.alibaba.nacos.client.naming.beat.BeatReactor do shutdown begin
13:41:59.964-[LAPTOP-L9SH1VHI][sys]-- INFO 18264 --- [ionShutdownHook] com.alibaba.nacos.client.naming          : com.alibaba.nacos.client.naming.beat.BeatReactor do shutdown stop
13:41:59.964-[LAPTOP-L9SH1VHI][sys]-- INFO 18264 --- [ionShutdownHook] com.alibaba.nacos.client.naming          : com.alibaba.nacos.client.naming.core.HostReactor do shutdown begin
13:41:59.995-[LAPTOP-L9SH1VHI][sys]-- INFO 18264 --- [   scheduling-1] o.s.a.r.c.CachingConnectionFactory       : Created new connection: rabbitConnectionFactory#55f6f965:0/SimpleConnection@721a5cc [delegate=amqp://tjxt@192.168.150.101:5672//tjxt, localPort= 63167]
13:42:00.061-[LAPTOP-L9SH1VHI][sys]--ERROR 18264 --- [   scheduling-1] o.s.s.s.TaskUtils$LoggingErrorHandler    : Unexpected error occurred in scheduled task
org.springframework.data.redis.RedisSystemException: Redis command interrupted; nested exception is io.lettuce.core.RedisCommandInterruptedException: Command interrupted
	at org.springframework.data.redis.connection.lettuce.LettuceExceptionConverter.convert(LettuceExceptionConverter.java:62) ~[spring-data-redis-2.7.2.jar:2.7.2]
	at org.springframework.data.redis.connection.lettuce.LettuceExceptionConverter.convert(LettuceExceptionConverter.java:41) ~[spring-data-redis-2.7.2.jar:2.7.2]
	at org.springframework.data.redis.PassThroughExceptionTranslationStrategy.translate(PassThroughExceptionTranslationStrategy.java:44) ~[spring-data-redis-2.7.2.jar:2.7.2]
	at org.springframework.data.redis.FallbackExceptionTranslationStrategy.translate(FallbackExceptionTranslationStrategy.java:42) ~[spring-data-redis-2.7.2.jar:2.7.2]
	at org.springframework.data.redis.connection.lettuce.LettuceConnection.convertLettuceAccessException(LettuceConnection.java:278) ~[spring-data-redis-2.7.2.jar:2.7.2]
	at org.springframework.data.redis.connection.lettuce.LettuceConnection.await(LettuceConnection.java:1086) ~[spring-data-redis-2.7.2.jar:2.7.2]
	at org.springframework.data.redis.connection.lettuce.LettuceConnection.lambda$doInvoke$4(LettuceConnection.java:939) ~[spring-data-redis-2.7.2.jar:2.7.2]
	at org.springframework.data.redis.connection.lettuce.LettuceInvoker$Synchronizer.invoke(LettuceInvoker.java:673) ~[spring-data-redis-2.7.2.jar:2.7.2]
	at org.springframework.data.redis.connection.lettuce.LettuceInvoker$DefaultManyInvocationSpec.toSet(LettuceInvoker.java:639) ~[spring-data-redis-2.7.2.jar:2.7.2]
	at org.springframework.data.redis.connection.lettuce.LettuceZSetCommands.zPopMin(LettuceZSetCommands.java:357) ~[spring-data-redis-2.7.2.jar:2.7.2]
	at org.springframework.data.redis.connection.DefaultedRedisConnection.zPopMin(DefaultedRedisConnection.java:980) ~[spring-data-redis-2.7.2.jar:2.7.2]
	at org.springframework.data.redis.connection.DefaultStringRedisConnection.zPopMin(DefaultStringRedisConnection.java:3250) ~[spring-data-redis-2.7.2.jar:2.7.2]
	at org.springframework.data.redis.core.DefaultZSetOperations.lambda$popMin$36(DefaultZSetOperations.java:547) ~[spring-data-redis-2.7.2.jar:2.7.2]
	at org.springframework.data.redis.core.RedisTemplate.execute(RedisTemplate.java:224) ~[spring-data-redis-2.7.2.jar:2.7.2]
	at org.springframework.data.redis.core.RedisTemplate.execute(RedisTemplate.java:191) ~[spring-data-redis-2.7.2.jar:2.7.2]
	at org.springframework.data.redis.core.AbstractOperations.execute(AbstractOperations.java:97) ~[spring-data-redis-2.7.2.jar:2.7.2]
	at org.springframework.data.redis.core.DefaultZSetOperations.popMin(DefaultZSetOperations.java:547) ~[spring-data-redis-2.7.2.jar:2.7.2]
	at com.tianji.remark.service.Impl.LikedRecordRedisServiceImpl.readLikedTimesAndSendMessage(LikedRecordRedisServiceImpl.java:115) ~[classes/:na]
	at com.tianji.remark.service.Impl.LikedRecordRedisServiceImpl$$FastClassBySpringCGLIB$$f768f5b1.invoke(<generated>) ~[classes/:na]
	at org.springframework.cglib.proxy.MethodProxy.invoke(MethodProxy.java:218) ~[spring-core-5.3.22.jar:5.3.22]
	at org.springframework.aop.framework.CglibAopProxy.invokeMethod(CglibAopProxy.java:386) ~[spring-aop-5.3.22.jar:5.3.22]
	at org.springframework.aop.framework.CglibAopProxy.access$000(CglibAopProxy.java:85) ~[spring-aop-5.3.22.jar:5.3.22]
	at org.springframework.aop.framework.CglibAopProxy$DynamicAdvisedInterceptor.intercept(CglibAopProxy.java:704) ~[spring-aop-5.3.22.jar:5.3.22]
	at com.tianji.remark.service.Impl.LikedRecordRedisServiceImpl$$EnhancerBySpringCGLIB$$f647a11d.readLikedTimesAndSendMessage(<generated>) ~[classes/:na]
	at com.tianji.remark.task.LikedTimesCheckTask.checkLikedTimes(LikedTimesCheckTask.java:22) ~[classes/:na]
	at java.base/jdk.internal.reflect.DirectMethodHandleAccessor.invoke(DirectMethodHandleAccessor.java:104) ~[na:na]
	at java.base/java.lang.reflect.Method.invoke(Method.java:578) ~[na:na]
	at org.springframework.scheduling.support.ScheduledMethodRunnable.run(ScheduledMethodRunnable.java:84) ~[spring-context-5.3.22.jar:5.3.22]
	at org.springframework.scheduling.support.DelegatingErrorHandlingRunnable.run(DelegatingErrorHandlingRunnable.java:54) ~[spring-context-5.3.22.jar:5.3.22]
	at java.base/java.util.concurrent.Executors$RunnableAdapter.call(Executors.java:577) ~[na:na]
	at java.base/java.util.concurrent.FutureTask.runAndReset(FutureTask.java:358) ~[na:na]
	at java.base/java.util.concurrent.ScheduledThreadPoolExecutor$ScheduledFutureTask.run(ScheduledThreadPoolExecutor.java:305) ~[na:na]
	at java.base/java.util.concurrent.ThreadPoolExecutor.runWorker(ThreadPoolExecutor.java:1144) ~[na:na]
	at java.base/java.util.concurrent.ThreadPoolExecutor$Worker.run(ThreadPoolExecutor.java:642) ~[na:na]
	at java.base/java.lang.Thread.run(Thread.java:1589) ~[na:na]
Caused by: io.lettuce.core.RedisCommandInterruptedException: Command interrupted
	at io.lettuce.core.protocol.AsyncCommand.await(AsyncCommand.java:87) ~[lettuce-core-6.1.9.RELEASE.jar:6.1.9.RELEASE]
	at io.lettuce.core.internal.Futures.awaitOrCancel(Futures.java:244) ~[lettuce-core-6.1.9.RELEASE.jar:6.1.9.RELEASE]
	at io.lettuce.core.LettuceFutures.awaitOrCancel(LettuceFutures.java:74) ~[lettuce-core-6.1.9.RELEASE.jar:6.1.9.RELEASE]
	at org.springframework.data.redis.connection.lettuce.LettuceConnection.await(LettuceConnection.java:1084) ~[spring-data-redis-2.7.2.jar:2.7.2]
	... 29 common frames omitted
Caused by: java.lang.InterruptedException: null
	at java.base/java.util.concurrent.CompletableFuture.reportGet(CompletableFuture.java:386) ~[na:na]
	at java.base/java.util.concurrent.CompletableFuture.get(CompletableFuture.java:2096) ~[na:na]
	at io.lettuce.core.protocol.AsyncCommand.await(AsyncCommand.java:83) ~[lettuce-core-6.1.9.RELEASE.jar:6.1.9.RELEASE]
	... 32 common frames omitted
13:42:01.613-[LAPTOP-L9SH1VHI][sys]-- INFO 18264 --- [ionShutdownHook] com.alibaba.nacos.client.naming          : com.alibaba.nacos.client.naming.core.PushReceiver do shutdown begin
13:42:04.617-[LAPTOP-L9SH1VHI][sys]-- INFO 18264 --- [ionShutdownHook] com.alibaba.nacos.client.naming          : com.alibaba.nacos.client.naming.core.PushReceiver do shutdown stop
13:42:04.617-[LAPTOP-L9SH1VHI][sys]-- INFO 18264 --- [ionShutdownHook] com.alibaba.nacos.client.naming          : com.alibaba.nacos.client.naming.backups.FailoverReactor do shutdown begin
13:42:07.619-[LAPTOP-L9SH1VHI][sys]-- INFO 18264 --- [ionShutdownHook] com.alibaba.nacos.client.naming          : com.alibaba.nacos.client.naming.backups.FailoverReactor do shutdown stop
13:42:07.619-[LAPTOP-L9SH1VHI][sys]-- INFO 18264 --- [ionShutdownHook] com.alibaba.nacos.client.naming          : com.alibaba.nacos.client.naming.core.HostReactor do shutdown stop
13:42:07.619-[LAPTOP-L9SH1VHI][sys]-- INFO 18264 --- [ionShutdownHook] com.alibaba.nacos.client.naming          : com.alibaba.nacos.client.naming.net.NamingProxy do shutdown begin
13:42:07.619-[LAPTOP-L9SH1VHI][sys]-- WARN 18264 --- [ionShutdownHook] com.alibaba.nacos.client.naming          : [NamingHttpClientManager] Start destroying NacosRestTemplate
13:42:07.620-[LAPTOP-L9SH1VHI][sys]-- WARN 18264 --- [ionShutdownHook] com.alibaba.nacos.client.naming          : [NamingHttpClientManager] Destruction of the end
13:42:07.620-[LAPTOP-L9SH1VHI][sys]-- INFO 18264 --- [ionShutdownHook] c.a.n.client.identify.CredentialWatcher  : [null] CredentialWatcher is stopped
13:42:07.620-[LAPTOP-L9SH1VHI][sys]-- INFO 18264 --- [ionShutdownHook] c.a.n.client.identify.CredentialService  : [null] CredentialService is freed
13:42:07.620-[LAPTOP-L9SH1VHI][sys]-- INFO 18264 --- [ionShutdownHook] com.alibaba.nacos.client.naming          : com.alibaba.nacos.client.naming.net.NamingProxy do shutdown stop
